// Jest Snapshot v1, https://goo.gl/fbAQLP

exports[`Render Button Successfully  1`] = `
<div
  className="inputContainer"
>
  <input
    placeholder="Enter a number"
    type="text"
  />
</div>
`;
